[    0.000000] Linux version 7.2.0-rc5-next-20260731 (root@lfs) (gcc (GCC) 15.2.0, GNU ld (GNU Binutils) 2.45) #2 SMP PREEMPT_DYNAMIC Sun Aug  2 01:18:16 CEST 2026
[    0.000000] Command line: BOOT_IMAGE=/vmlinuz-7.2.0-rc5-next-20260731 root=/dev/sdb1 ro root=/dev/sdb1 ro quiet
[    0.000000] x86/CPU: Model not found in latest microcode list
[    0.000000] BIOS-provided physical RAM map:
[    0.000000] BIOS-e820: [mem 0x0000000000000000-0x000000000009fbff]  System RAM
[    0.000000] BIOS-e820: [mem 0x000000000009fc00-0x000000000009ffff]  device reserved
[    0.000000] BIOS-e820: [gap 0x00000000000a0000-0x00000000000effff]
[    0.000000] BIOS-e820: [mem 0x00000000000f0000-0x00000000000fffff]  device reserved
[    0.000000] BIOS-e820: [mem 0x0000000000100000-0x00000000dffeffff]  System RAM
[    0.000000] BIOS-e820: [mem 0x00000000dfff0000-0x00000000dfffffff]  ACPI data
[    0.000000] BIOS-e820: [gap 0x00000000e0000000-0x00000000febfffff]
[    0.000000] BIOS-e820: [mem 0x00000000fec00000-0x00000000fec00fff]  device reserved
[    0.000000] BIOS-e820: [gap 0x00000000fec01000-0x00000000fedfffff]
[    0.000000] BIOS-e820: [mem 0x00000000fee00000-0x00000000fee00fff]  device reserved
[    0.000000] BIOS-e820: [gap 0x00000000fee01000-0x00000000fffbffff]
[    0.000000] BIOS-e820: [mem 0x00000000fffc0000-0x00000000ffffffff]  device reserved
[    0.000000] BIOS-e820: [mem 0x0000000100000000-0x0000000163ffffff]  System RAM
[    0.000000] NX (Execute Disable) protection: active
[    0.000000] APIC: Static calls initialized
[    0.000000] DMI: SMBIOS 2.5 present.
[    0.000000] DMI: innotek GmbH VirtualBox/VirtualBox, BIOS VirtualBox 12/01/2006
[    0.000000] DMI: Memory slots populated: 0/0
[    0.000000] Hypervisor detected: KVM
[    0.000000] last_pfn = 0xe0000 max_arch_pfn = 0x400000000
[    0.000000] kvm-clock: Using msrs 4b564d01 and 4b564d00
[    0.000001] kvm-clock: using sched offset of 9516661059 cycles
[    0.000003] clocksource: kvm-clock: mask: 0xffffffffffffffff max_cycles: 0x1cd42e4dffb, max_idle_ns: 881590591483 ns
[    0.000005] tsc: Detected 3096.000 MHz processor
[    0.001614] e820: update [mem 0x00000000-0x00000fff] System RAM ==> device reserved
[    0.001618] e820: remove [mem 0x000a0000-0x000fffff] System RAM
[    0.001622] last_pfn = 0x164000 max_arch_pfn = 0x400000000
[    0.001663] MTRR map: 6 entries (3 fixed + 3 variable; max 35), built from 16 variable MTRRs
[    0.001666] x86/PAT: Configuration [0-7]: WB  WC  UC- UC  WB  WP  UC- WT  
[    0.001735] e820: update [mem 0xe0000000-0xffffffff] System RAM ==> device reserved
[    0.001739] last_pfn = 0xe0000 max_arch_pfn = 0x400000000
[    0.011413] found SMP MP-table at [mem 0x0009fbf0-0x0009fbff]
[    0.011741] ACPI: Early table checksum verification disabled
[    0.011744] ACPI: RSDP 0x00000000000E0000 000024 (v02 VBOX  )
[    0.011748] ACPI: XSDT 0x00000000DFFF0030 00003C (v01 VBOX   VBOXXSDT 00000001 ASL  00000061)
[    0.011752] ACPI: FACP 0x00000000DFFF00F0 0000F4 (v04 VBOX   VBOXFACP 00000001 ASL  00000061)
[    0.011757] ACPI: DSDT 0x00000000DFFF0630 002353 (v02 VBOX   VBOXBIOS 00000002 INTL 20200925)
[    0.011759] ACPI: FACS 0x00000000DFFF0200 000040
[    0.011761] ACPI: FACS 0x00000000DFFF0200 000040
[    0.011764] ACPI: APIC 0x00000000DFFF0240 00007C (v02 VBOX   VBOXAPIC 00000001 ASL  00000061)
[    0.011766] ACPI: SSDT 0x00000000DFFF02C0 00036C (v01 VBOX   VBOXCPUT 00000002 INTL 20200925)
[    0.011768] ACPI: Reserving FACP table memory at [mem 0xdfff00f0-0xdfff01e3]
[    0.011769] ACPI: Reserving DSDT table memory at [mem 0xdfff0630-0xdfff2982]
[    0.011770] ACPI: Reserving FACS table memory at [mem 0xdfff0200-0xdfff023f]
[    0.011770] ACPI: Reserving FACS table memory at [mem 0xdfff0200-0xdfff023f]
[    0.011771] ACPI: Reserving APIC table memory at [mem 0xdfff0240-0xdfff02bb]
[    0.011771] ACPI: Reserving SSDT table memory at [mem 0xdfff02c0-0xdfff062b]
[    0.011887] No NUMA configuration found
[    0.011887] Faking a node at [mem 0x0000000000000000-0x0000000163ffffff]
[    0.011889] NODE_DATA(0) allocated [mem 0x163ffb680-0x163ffefff]
[    0.012102] ACPI: PM-Timer IO Port: 0x4008
[    0.012140] IOAPIC[0]: apic_id 6, version 32, address 0xfec00000, GSI 0-23
[    0.012143] ACPI: INT_SRC_OVR (bus 0 bus_irq 0 global_irq 2 dfl dfl)
[    0.012144] ACPI: INT_SRC_OVR (bus 0 bus_irq 9 global_irq 9 low level)
[    0.012148] ACPI: Using ACPI (MADT) for SMP configuration information
[    0.012151] CPU topo: Max. logical packages:   1
[    0.012151] CPU topo: Max. logical nodes:      1
[    0.012152] CPU topo: Num. nodes per package:  1
[    0.012154] CPU topo: Max. logical dies:       1
[    0.012154] CPU topo: Max. dies per package:   1
[    0.012157] CPU topo: Max. threads per core:   1
[    0.012158] CPU topo: Num. cores per package:     6
[    0.012158] CPU topo: Num. threads per package:   6
[    0.012158] CPU topo: Allowing 6 present CPUs plus 0 hotplug CPUs
[    0.012171] PM: hibernation: Registered nosave memory: [mem 0x00000000-0x00000fff]
[    0.012173] PM: hibernation: Registered nosave memory: [mem 0x0009f000-0x000fffff]
[    0.012173] PM: hibernation: Registered nosave memory: [mem 0xdfff0000-0xffffffff]
[    0.012174] [gap 0xe0000000-0xfebfffff] available for PCI devices
[    0.012175] Booting paravirtualized kernel on KVM
[    0.012177] clocksource: refined-jiffies: mask: 0xffffffff max_cycles: 0xffffffff, max_idle_ns: 1910969940391419 ns
[    0.017361] Zone ranges:
[    0.017361]   DMA      [mem 0x0000000000001000-0x0000000000ffffff]
[    0.017363]   DMA32    [mem 0x0000000001000000-0x00000000ffffffff]
[    0.017364]   Normal   [mem 0x0000000100000000-0x0000000163ffffff]
[    0.017365] Movable zone start for each node
[    0.017365] Early memory node ranges
[    0.017366]   node   0: [mem 0x0000000000001000-0x000000000009efff]
[    0.017366]   node   0: [mem 0x0000000000100000-0x00000000dffeffff]
[    0.017367]   node   0: [mem 0x0000000100000000-0x0000000163ffffff]
[    0.017368] Initmem setup node 0 [mem 0x0000000000001000-0x0000000163ffffff]
[    0.017574] On node 0, zone DMA: 1 pages in unavailable ranges
[    0.017591] On node 0, zone DMA: 97 pages in unavailable ranges
[    0.030310] On node 0, zone Normal: 16 pages in unavailable ranges
[    0.030384] On node 0, zone Normal: 16384 pages in unavailable ranges
[    0.030393] setup_percpu: NR_CPUS:64 nr_cpumask_bits:6 nr_cpu_ids:6 nr_node_ids:1
[    0.030686] percpu: Embedded 53 pages/cpu s177688 r8192 d31208 u262144
[    0.030689] pcpu-alloc: s177688 r8192 d31208 u262144 alloc=1*2097152
[    0.030691] pcpu-alloc: [0] 0 1 2 3 4 5 - - 
[    0.030706] Kernel command line: BOOT_IMAGE=/vmlinuz-7.2.0-rc5-next-20260731 root=/dev/sdb1 ro root=/dev/sdb1 ro quiet
[    0.030743] random: crng init done
[    0.030744] printk: log buffer data + meta data: 262144 + 917504 = 1179648 bytes
[    0.031743] Dentry cache hash table entries: 1048576 (order: 11, 8388608 bytes, linear)
[    0.032303] Inode-cache hash table entries: 524288 (order: 10, 4194304 bytes, linear)
[    0.032410] software IO TLB: area num 8.
[    0.047212] Fallback order for Node 0: 0 
[    0.047219] Built 1 zonelists, mobility grouping on.  Total pages: 1326990
[    0.047220] Policy zone: Normal
[    0.047222] mem auto-init: stack:all(zero), heap alloc:off, heap free:off
[    0.055679] SLUB: HWalign=64, Order=0-3, MinObjects=0, CPUs=6, Nodes=1
[    0.055695] Kernel/User page tables isolation: enabled
[    0.055750] Dynamic Preempt: full
[    0.055972] rcu: Preemptible hierarchical RCU implementation.
[    0.055973] rcu:     RCU event tracing is enabled.
[    0.055973] rcu:     RCU restricting CPUs from NR_CPUS=64 to nr_cpu_ids=6.
[    0.055974]  Trampoline variant of Tasks RCU enabled.
[    0.055975]  Tracing variant of Tasks RCU enabled.
[    0.055975] rcu: RCU calculated value of scheduler-enlistment delay is 100 jiffies.
[    0.055976] rcu: Adjusting geometry for rcu_fanout_leaf=16, nr_cpu_ids=6
[    0.055982] RCU Tasks: Setting shift to 3 and lim to 1 rcu_task_cb_adjust=1 rcu_task_cpu_ids=6.
[    0.064760] NR_IRQS: 4352, nr_irqs: 472, preallocated irqs: 16
[    0.064931] rcu: srcu_init: Setting srcu_struct sizes based on contention.
[    0.065085] clocksource: jiffies: mask: 0xffffffff max_cycles: 0xffffffff, max_idle_ns: 1911260446275000 ns
[    0.068562] Console: colour VGA+ 80x25
[    0.068564] printk: legacy console [tty0] enabled
[    0.068585] ACPI: Core revision 20260408
[    0.068638] APIC: Switch to symmetric I/O mode setup
[    0.068796] x2apic enabled
[    0.068976] APIC: Switched APIC routing to: physical x2apic
[    0.069746] ..TIMER: vector=0x30 apic1=0 pin1=2 apic2=-1 pin2=-1
[    0.069763] clocksource: tsc-early: mask: 0xffffffffffffffff max_cycles: 0x2ca08564bf3, max_idle_ns: 440795312460 ns
[    0.069766] Calibrating delay loop (skipped) preset value.. 6192.00 BogoMIPS (lpj=3096000)
[    0.069869] Last level iTLB entries: 4KB 64, 2MB 8, 4MB 8
[    0.069870] Last level dTLB entries: 4KB 64, 2MB 32, 4MB 32, 1GB 4
[    0.069874] mitigations: Enabled attack vectors: user_kernel, user_user, SMT mitigations: auto
[    0.069877] Speculative Store Bypass: Vulnerable
[    0.069878] SRBDS: Unknown: Dependent on hypervisor status
[    0.069878] Spectre V2 : Mitigation: Retpolines
[    0.069879] RETBleed: Vulnerable
[    0.069879] ITS: Mitigation: Aligned branch/return thunks
[    0.069880] MDS: Mitigation: Clear CPU buffers
[    0.069880] MMIO Stale Data: Mitigation: Clear CPU buffers
[    0.069881] Spectre V1 : Mitigation: usercopy/swapgs barriers and __user pointer sanitization
[    0.069882] Spectre V2 : Spectre v2 / SpectreRSB: Filling RSB on context switch and VMEXIT
[    0.069885] GDS: Unknown: Dependent on hypervisor status
[    0.069885] active return thunk: its_return_thunk
[    0.069897] x86/fpu: Supporting XSAVE feature 0x001: 'x87 floating point registers'
[    0.069898] x86/fpu: Supporting XSAVE feature 0x002: 'SSE registers'
[    0.069899] x86/fpu: Supporting XSAVE feature 0x004: 'AVX registers'
[    0.069900] x86/fpu: xstate_offset[2]:  576, xstate_sizes[2]:  256
[    0.069900] x86/fpu: Enabled xstate features 0x7, context size is 832 bytes, using 'standard' format.
[    0.082983] pid_max: default: 32768 minimum: 301
[    0.083253] SELinux:  Initializing.
[    0.083360] Mount-cache hash table entries: 16384 (order: 5, 131072 bytes, linear)
[    0.083365] Mountpoint-cache hash table entries: 16384 (order: 5, 131072 bytes, linear)
[    0.083407] VFS: Finished mounting rootfs on nullfs
[    0.189427] smpboot: CPU0: Intel(R) Core(TM) i5-10500 CPU @ 3.10GHz (family: 0x6, model: 0xa5, stepping: 0x3)
[    0.189634] Performance Events: unsupported CPU family 6 model 165 no PMU driver, software events only.
[    0.189657] signal: max sigframe size: 1776
[    0.189679] rcu: Hierarchical SRCU implementation.
[    0.189680] rcu:     Max phase no-delay instances is 400.
[    0.189721] Timer migration: 1 hierarchy levels; 8 children per group; 1 crossnode level
[    0.193701] smp: Bringing up secondary CPUs ...
[    0.193765] smpboot: x86: Booting SMP configuration:
[    0.193770] .... node  #0, CPUs:      #1 #2 #3 #4 #5
[    0.200854] smp: Brought up 1 node, 6 CPUs
[    0.200858] smpboot: Total of 6 processors activated (37152.00 BogoMIPS)
[    0.201984] Memory: 5093880K/5307960K available (19926K kernel code, 3014K rwdata, 8236K rodata, 2948K init, 612K bss, 207864K reserved, 0K cma-reserved)
[    0.201984] devtmpfs: initialized
[    0.201984] posixtimers hash table entries: 4096 (order: 4, 65536 bytes, linear)
[    0.202771] futex hash table entries: 2048 (131072 bytes on 1 NUMA nodes, total 128 KiB, linear).
[    0.202830] PM: RTC time: 12:42:33, date: 2026-08-02
[    0.202992] NET: Registered PF_NETLINK/PF_ROUTE protocol family
[    0.203085] audit: initializing netlink subsys (disabled)
[    0.203104] audit: type=2000 audit(1785674563.824:1): state=initialized audit_enabled=0 res=1
[    0.203104] thermal_sys: Registered thermal governor 'step_wise'
[    0.203104] cpuidle: using governor menu
[    0.203104] PCI: Using configuration type 1 for base access
[    0.203104] kprobes: kprobe jump-optimization is enabled. All kprobes are optimized if possible.
[    0.205886] HugeTLB: registered 2.00 MiB page size, pre-allocated 0 pages
[    0.205888] HugeTLB: 28 KiB vmemmap can be freed for a 2.00 MiB page
[    0.206708] ACPI: Added _OSI(Module Device)
[    0.206709] ACPI: Added _OSI(Processor Device)
[    0.206710] ACPI: Added _OSI(Processor Aggregator Device)
[    0.207427] ACPI: 2 ACPI AML tables successfully acquired and loaded
[    0.208133] ACPI: \_SB_: platform _OSC: OS support mask [002a7eee]
[    0.208133] ACPI: Interpreter enabled
[    0.208133] ACPI: PM: (supports S0 S5)
[    0.208133] ACPI: Using IOAPIC for interrupt routing
[    0.208133] PCI: Using host bridge windows from ACPI; if necessary, use "pci=nocrs" and report a bug
[    0.208133] PCI: Using E820 reservations for host bridge windows
[    0.208133] ACPI: Enabled 2 GPEs in block 00 to 07
[    0.210776] ACPI: PCI Root Bridge [PCI0] (domain 0000 [bus 00-ff])
[    0.210781] acpi PNP0A03:00: _OSC: OS supports [ASPM ClockPM Segments MSI HPX-Type3]
[    0.210783] acpi PNP0A03:00: _OSC: not requesting OS control; OS requires [ExtendedConfig ASPM ClockPM MSI]
[    0.210931] acpi PNP0A03:00: fail to add MMCONFIG information, can't access extended configuration space under this bridge
[    0.210997] PCI host bridge to bus 0000:00
[    0.210998] pci_bus 0000:00: root bus resource [io  0x0000-0x0cf7 window]
[    0.211000] pci_bus 0000:00: root bus resource [io  0x0d00-0xffff window]
[    0.211001] pci_bus 0000:00: root bus resource [mem 0x000a0000-0x000bffff window]
[    0.211002] pci_bus 0000:00: root bus resource [mem 0xe0000000-0xfdffffff window]
[    0.211003] pci_bus 0000:00: root bus resource [bus 00-ff]
[    0.211098] pci 0000:00:00.0: [8086:1237] type 00 class 0x060000 conventional PCI endpoint
[    0.211424] pci 0000:00:01.0: [8086:7000] type 00 class 0x060100 conventional PCI endpoint
[    0.211719] pci 0000:00:01.1: [8086:7111] type 00 class 0x01018a conventional PCI endpoint
[    0.211878] pci 0000:00:01.1: BAR 4 [io  0xd000-0xd00f]
[    0.211903] pci 0000:00:01.1: BAR 0 [io  0x01f0-0x01f7]: legacy IDE quirk
[    0.211905] pci 0000:00:01.1: BAR 1 [io  0x03f6]: legacy IDE quirk
[    0.211905] pci 0000:00:01.1: BAR 2 [io  0x0170-0x0177]: legacy IDE quirk
[    0.211906] pci 0000:00:01.1: BAR 3 [io  0x0376]: legacy IDE quirk
[    0.212000] pci 0000:00:02.0: [80ee:beef] type 00 class 0x030000 conventional PCI endpoint
[    0.213788] pci 0000:00:02.0: BAR 0 [mem 0xe0000000-0xe1ffffff pref]
[    0.213802] pci 0000:00:02.0: BAR 1 [io  0xd010-0xd01f]
[    0.213808] pci 0000:00:02.0: BAR 2 [mem 0xf0000000-0xf01fffff]
[    0.213903] pci 0000:00:02.0: Video device with shadowed ROM at [mem 0x000c0000-0x000dffff]
[    0.214085] pci 0000:00:03.0: [8086:100e] type 00 class 0x020000 conventional PCI endpoint
[    0.215949] pci 0000:00:03.0: BAR 0 [mem 0xf0200000-0xf021ffff]
[    0.215966] pci 0000:00:03.0: BAR 2 [io  0xd020-0xd027]
[    0.216998] pci 0000:00:04.0: [80ee:cafe] type 00 class 0x088000 conventional PCI endpoint
[    0.218940] pci 0000:00:04.0: BAR 0 [io  0xd040-0xd05f]
[    0.218954] pci 0000:00:04.0: BAR 1 [mem 0xf0400000-0xf07fffff]
[    0.218960] pci 0000:00:04.0: BAR 2 [mem 0xf0800000-0xf0803fff pref]
[    0.219161] pci 0000:00:05.0: [8086:2415] type 00 class 0x040100 conventional PCI endpoint
[    0.219946] pci 0000:00:05.0: BAR 0 [io  0xd100-0xd1ff]
[    0.219951] pci 0000:00:05.0: BAR 1 [io  0xd200-0xd23f]
[    0.220076] pci 0000:00:07.0: [8086:7113] type 00 class 0x068000 conventional PCI endpoint
[    0.220278] pci 0000:00:07.0: quirk: [io  0x4000-0x403f] claimed by PIIX4 ACPI
[    0.220284] pci 0000:00:07.0: quirk: [io  0x4100-0x410f] claimed by PIIX4 SMB
[    0.220892] pci 0000:00:0c.0: [8086:1e31] type 00 class 0x0c0330 conventional PCI endpoint
[    0.221966] pci 0000:00:0c.0: BAR 0 [mem 0xf0810000-0xf081ffff]
[    0.222818] pci 0000:00:0d.0: [8086:2829] type 00 class 0x010601 conventional PCI endpoint
[    0.224769] pci 0000:00:0d.0: BAR 0 [io  0xd240-0xd247]
[    0.224785] pci 0000:00:0d.0: BAR 1 [io  0xd248-0xd24b]
[    0.224791] pci 0000:00:0d.0: BAR 2 [io  0xd250-0xd257]
[    0.224796] pci 0000:00:0d.0: BAR 3 [io  0xd258-0xd25b]
[    0.224803] pci 0000:00:0d.0: BAR 4 [io  0xd260-0xd26f]
[    0.224809] pci 0000:00:0d.0: BAR 5 [mem 0xf0820000-0xf0821fff]
[    0.226955] ACPI: PCI: Interrupt link LNKA configured for IRQ 11
[    0.227056] ACPI: PCI: Interrupt link LNKB configured for IRQ 10
[    0.227096] ACPI: PCI: Interrupt link LNKC configured for IRQ 9
[    0.227140] ACPI: PCI: Interrupt link LNKD configured for IRQ 11
[    0.227247] iommu: Default domain type: Translated
[    0.227250] iommu: DMA domain TLB invalidation policy: lazy mode
[    0.227843] SCSI subsystem initialized
[    0.227892] libata version 3.00 loaded.
[    0.227892] ACPI: bus type USB registered
[    0.227892] usbcore: registered new interface driver usbfs
[    0.227892] usbcore: registered new interface driver hub
[    0.227892] usbcore: registered new device driver usb
[    0.227892] pps_core: LinuxPPS API ver. 1 registered
[    0.227892] pps_core: Software ver. 5.3.6 - Copyright 2005-2007 Rodolfo Giometti <giometti@linux.it>
[    0.227892] PTP clock support registered
[    0.227892] Advanced Linux Sound Architecture Driver Initialized.
[    0.227926] NetLabel: Initializing
[    0.227927] NetLabel:  domain hash size = 128
[    0.227927] NetLabel:  protocols = UNLABELED CIPSOv4 CALIPSO
[    0.227939] NetLabel:  unlabeled traffic allowed by default
[    0.228782] PCI: Using ACPI for IRQ routing
[    0.228784] PCI: pci_cache_line_size set to 64 bytes
[    0.228914] e820: register RAM buffer resource [mem 0x0009fc00-0x0009ffff]
[    0.228921] e820: register RAM buffer resource [mem 0xdfff0000-0xdfffffff]
[    0.228936] pci 0000:00:02.0: vgaarb: setting as boot VGA device
[    0.228936] pci 0000:00:02.0: vgaarb: bridge control possible
[    0.228936] pci 0000:00:02.0: vgaarb: VGA device added: decodes=io+mem,owns=io+mem,locks=none
[    0.228936] vgaarb: loaded
[    0.228936] clocksource: Switched to clocksource kvm-clock
[    0.228959] VFS: Disk quotas dquot_6.6.0
[    0.228962] VFS: Dquot-cache hash table entries: 512 (4096 bytes)
[    0.229108] pnp: PnP ACPI init
[    0.229368] pnp: PnP ACPI: found 2 devices
[    0.236581] clocksource: acpi_pm: mask: 0xffffff max_cycles: 0xffffff, max_idle_ns: 2085701024 ns
[    0.236621] NET: Registered PF_INET protocol family
[    0.236702] IP idents hash table entries: 131072 (order: 8, 1048576 bytes, linear)
[    0.237851] tcp_listen_portaddr_hash hash table entries: 4096 (order: 4, 65536 bytes, linear)
[    0.237851] Table-perturb hash table entries: 65536 (order: 6, 262144 bytes, linear)
[    0.237851] TCP established hash table entries: 65536 (order: 7, 524288 bytes, linear)
[    0.237851] TCP bind hash table entries: 65536 (order: 9, 2097152 bytes, linear)
[    0.238268] TCP: Hash tables configured (established 65536 bind 65536)
[    0.238289] UDP hash table entries: 4096 (order: 6, 262144 bytes, linear)
[    0.238335] NET: Registered PF_UNIX/PF_LOCAL protocol family
[    0.238557] RPC: Registered named UNIX socket transport module.
[    0.238574] RPC: Registered udp transport module.
[    0.238574] RPC: Registered tcp transport module.
[    0.238575] RPC: Registered tcp-with-tls transport module.
[    0.238575] RPC: Registered tcp NFSv4.1 backchannel transport module.
[    0.238939] pci_bus 0000:00: resource 4 [io  0x0000-0x0cf7 window]
[    0.238942] pci_bus 0000:00: resource 5 [io  0x0d00-0xffff window]
[    0.238943] pci_bus 0000:00: resource 6 [mem 0x000a0000-0x000bffff window]
[    0.238944] pci_bus 0000:00: resource 7 [mem 0xe0000000-0xfdffffff window]
[    0.238973] pci 0000:00:00.0: Limiting direct PCI/PCI transfers
[    0.239472] PCI: CLS 0 bytes, default 64
[    0.239490] PCI-DMA: Using software bounce buffering for IO (SWIOTLB)
[    0.239491] software IO TLB: mapped [mem 0x00000000dbff0000-0x00000000dfff0000] (64MB)
[    0.239540] RAPL PMU: API unit is 2^-32 Joules, 0 fixed counters, 10737418240 ms ovfl timer
[    0.239550] clocksource: tsc: mask: 0xffffffffffffffff max_cycles: 0x2ca08564bf3, max_idle_ns: 440795312460 ns
[    0.239581] platform rtc_cmos: registered fallback platform RTC device
[    0.240904] Initialise system trusted keyrings
[    0.336347] workingset: timestamp_bits=40 (anon: 35) max_order=21 bucket_order=0 (anon: 0)
[    0.336552] NFS: Registering the id_resolver key type
[    0.336556] Key type id_resolver registered
[    0.336557] Key type id_legacy registered
[    0.336561] nfs4filelayout_init: NFSv4 File Layout Driver Registering...
[    0.336563] nfs4flexfilelayout_init: NFSv4 Flexfile Layout Driver Registering...
[    0.336665] 9p: Installing v9fs 9p2000 file system support
[    0.338704] Key type asymmetric registered
[    0.338704] Asymmetric key parser 'x509' registered
[    0.338704] Block layer SCSI generic (bsg) driver version 0.4 loaded (major 251)
[    0.338704] io scheduler mq-deadline registered
[    0.338704] io scheduler kyber registered
[    0.345714] ACPI: AC: AC Adapter [AC] (on-line)
[    0.345744] input: Power Button as /devices/platform/LNXPWRBN:00/input/input0
[    0.345775] ACPI: button: Power Button [PWRF]
[    0.345793] input: Sleep Button as /devices/platform/LNXSLPBN:00/input/input1
[    0.345818] ACPI: button: Sleep Button [SLPF]
[    0.345846] ACPI: video: Video Device [GFX0] (multi-head: yes  rom: no  post: no)
[    0.345882] input: Video Bus as /devices/pci0000:00/acpi.video_bus.0/input/input2
[    0.346404] Serial: 8250/16550 driver, 4 ports, IRQ sharing enabled
[    0.346829] Non-volatile memory driver v1.3
[    0.346842] ACPI: bus type drm_connector registered
[    0.348445] loop: module loaded
[    0.348953] ahci 0000:00:0d.0: SSS flag set, parallel bus scan disabled
[    0.349102] ahci 0000:00:0d.0: AHCI vers 0001.0100, 32 command slots, 3 Gbps, SATA mode
[    0.349105] ahci 0000:00:0d.0: 5/5 ports implemented (port mask 0x1f)
[    0.349106] ahci 0000:00:0d.0: flags: 64bit ncq stag only ccc 
[    0.349499] scsi host0: ahci
[    0.349875] scsi host1: ahci
[    0.349970] scsi host2: ahci
[    0.350051] scsi host3: ahci
[    0.350145] scsi host4: ahci
[    0.350179] ata1: SATA max UDMA/133 abar m8192@0xf0820000 port 0xf0820100 irq 21 lpm-pol 1
[    0.350183] ata2: SATA max UDMA/133 abar m8192@0xf0820000 port 0xf0820180 irq 21 lpm-pol 1
[    0.350186] ata3: SATA max UDMA/133 abar m8192@0xf0820000 port 0xf0820200 irq 21 lpm-pol 1
[    0.350189] ata4: SATA max UDMA/133 abar m8192@0xf0820000 port 0xf0820280 irq 21 lpm-pol 1 ext
[    0.350192] ata5: SATA max UDMA/133 abar m8192@0xf0820000 port 0xf0820300 irq 21 lpm-pol 1 ext
[    0.350679] scsi host5: ata_piix
[    0.350904] scsi host6: ata_piix
[    0.350935] ata6: PATA max UDMA/33 cmd 0x1f0 ctl 0x3f6 bmdma 0xd000 irq 14 lpm-pol 0
[    0.350936] ata7: PATA max UDMA/33 cmd 0x170 ctl 0x376 bmdma 0xd008 irq 15 lpm-pol 0
[    0.351110] e100: Intel(R) PRO/100 Network Driver
[    0.351111] e100: Copyright(c) 1999-2006 Intel Corporation
[    0.351117] e1000: Intel(R) PRO/1000 Network Driver
[    0.351118] e1000: Copyright (c) 1999-2006 Intel Corporation.
[    1.073100] clocksource: Switched to clocksource tsc
[    1.073140] kwatchdog (98) used greatest stack depth: 15320 bytes left
[    1.078306] e1000 0000:00:03.0 eth0: (PCI:33MHz:32-bit) 08:00:27:6e:1e:40
[    1.078332] e1000 0000:00:03.0 eth0: Intel(R) PRO/1000 Network Connection
[    1.078400] e1000e: Intel(R) PRO/1000 Network Driver
[    1.078404] e1000e: Copyright(c) 1999 - 2015 Intel Corporation.
[    1.078481] sky2: driver version 1.30
[    1.080328] xhci_hcd 0000:00:0c.0: xHCI Host Controller
[    1.080663] xhci_hcd 0000:00:0c.0: new USB bus registered, assigned bus number 1
[    1.081780] xhci_hcd 0000:00:0c.0: hcc params 0x04000000 hci version 0x100 quirks 0x000000000000b930
[    1.083408] xhci_hcd 0000:00:0c.0: xHCI Host Controller
[    1.083839] xhci_hcd 0000:00:0c.0: new USB bus registered, assigned bus number 2
[    1.083856] xhci_hcd 0000:00:0c.0: Host supports USB 3.0 SuperSpeed
[    1.085032] usb usb1: New USB device found, idVendor=1d6b, idProduct=0002, bcdDevice= 7.02
[    1.085041] usb usb1: New USB device strings: Mfr=3, Product=2, SerialNumber=1
[    1.085045] usb usb1: Product: xHCI Host Controller
[    1.085048] usb usb1: Manufacturer: Linux 7.2.0-rc5-next-20260731 xhci-hcd
[    1.085051] usb usb1: SerialNumber: 0000:00:0c.0
[    1.085365] hub 1-0:1.0: USB hub found
[    1.085464] hub 1-0:1.0: 8 ports detected
[    1.086227] usb usb2: New USB device found, idVendor=1d6b, idProduct=0003, bcdDevice= 7.02
[    1.086233] usb usb2: New USB device strings: Mfr=3, Product=2, SerialNumber=1
[    1.086237] usb usb2: Product: xHCI Host Controller
[    1.086239] usb usb2: Manufacturer: Linux 7.2.0-rc5-next-20260731 xhci-hcd
[    1.086242] usb usb2: SerialNumber: 0000:00:0c.0
[    1.086539] hub 2-0:1.0: USB hub found
[    1.086592] hub 2-0:1.0: 6 ports detected
[    1.087093] usbcore: registered new interface driver usblp
[    1.087118] usbcore: registered new interface driver usb-storage
[    1.087179] i8042: PNP: PS/2 Controller [PNP0303:PS2K,PNP0f03:PS2M] at 0x60,0x64 irq 1,12
[    1.087779] serio: i8042 KBD port at 0x60,0x64 irq 1
[    1.087779] serio: i8042 AUX port at 0x60,0x64 irq 12
[    1.089411] input: AT Translated Set 2 keyboard as /devices/platform/i8042/serio0/input/input3
[    1.090109] rtc_cmos rtc_cmos: registered as rtc0
[    1.091973] rtc_cmos rtc_cmos: alarms up to one day, 114 bytes nvram
[    1.092286] device-mapper: ioctl: 4.50.0-ioctl (2025-04-28) initialised: dm-devel@lists.linux.dev
[    1.092311] intel_pstate: CPU model not supported
[    1.092383] hid: raw HID events driver (C) Jiri Kosina
[    1.092725] usbcore: registered new interface driver usbhid
[    1.092728] usbhid: USB HID core driver
[    1.094412] nf_conntrack_irc: The irc conntrack helper is scheduled for removal.
               Please contact the netfilter-devel mailing list if you still need this.
[    1.095202] Initializing XFRM netlink socket
[    1.095238] NET: Registered PF_INET6 protocol family
[    1.095396] input: ImExPS/2 Generic Explorer Mouse as /devices/platform/i8042/serio1/input/input5
[    1.096371] Segment Routing with IPv6
[    1.096450] In-situ OAM (IOAM) with IPv6
[    1.096609] sit: IPv6, IPv4 and MPLS over IPv4 tunneling driver
[    1.096894] NET: Registered PF_PACKET protocol family
[    1.096949] 9pnet: Installing 9P2000 support
[    1.096974] Key type dns_resolver registered
[    1.098181] IPI shorthand broadcast: enabled
[    1.102739] sched_clock: Marking stable (1097059501, 4680343)->(1106511511, -4771667)
[    1.104949] registered taskstats version 1
[    1.104955] Loading compiled-in X.509 certificates
[    1.109374] Demotion targets for Node 0: null
[    1.109859] PM:   Magic number: 6:119:733
[    1.109902] hwmon hwmon0: hash matches
[    1.110010] netconsole: network logging started
[    1.110110] cfg80211: Loading compiled-in X.509 certificates for regulatory database
[    1.110375] kworker/u26:1 (104) used greatest stack depth: 14088 bytes left
[    1.110727] kworker/u26:1 (105) used greatest stack depth: 13752 bytes left
[    1.111314] Loaded X.509 cert 'sforshee: 00b28ddf47aef9cea7'
[    1.111760] Loaded X.509 cert 'wens: 61c038651aabdcf94bd0ac7ff06c7248db18c600'
[    1.111824] faux_driver regulatory: Direct firmware load for regulatory.db failed with error -2
[    1.111832] cfg80211: failed to load regulatory.db
[    1.111875] ALSA device list:
[    1.111879]   No soundcards found.
[    1.152201] ata1: SATA link up 3.0 Gbps (SStatus 123 SControl 300)
[    1.152475] ata1.00: ATA-6: VBOX HARDDISK, 1.0, max UDMA/133
[    1.152500] ata1.00: 2097152 sectors, multi 128: LBA48 NCQ (depth 32)
[    1.152918] ata1.00: configured for UDMA/133
[    1.153155] scsi 0:0:0:0: Direct-Access     ATA      VBOX HARDDISK    1.0  PQ: 0 ANSI: 5
[    1.153625] sd 0:0:0:0: [sda] 2097152 512-byte logical blocks: (1.07 GB/1.00 GiB)
[    1.153671] sd 0:0:0:0: Attached scsi generic sg0 type 0
[    1.153713] sd 0:0:0:0: [sda] Write Protect is off
[    1.153717] sd 0:0:0:0: [sda] Mode Sense: 00 3a 00 00
[    1.153812] sd 0:0:0:0: [sda] Write cache: enabled, read cache: enabled, doesn't support DPO or FUA
[    1.154001] sd 0:0:0:0: [sda] Preferred minimum I/O size 512 bytes
[    1.532303]  sda: sda1
[    1.532794] sd 0:0:0:0: [sda] Attached SCSI disk
[    1.623985] ata2: SATA link up 3.0 Gbps (SStatus 123 SControl 300)
[    1.624360] ata2.00: ATA-6: VBOX HARDDISK, 1.0, max UDMA/133
[    1.624371] ata2.00: 83886080 sectors, multi 128: LBA48 NCQ (depth 32)
[    1.624983] ata2.00: configured for UDMA/133
[    1.625375] scsi 1:0:0:0: Direct-Access     ATA      VBOX HARDDISK    1.0  PQ: 0 ANSI: 5
[    1.627045] sd 1:0:0:0: [sdb] 83886080 512-byte logical blocks: (42.9 GB/40.0 GiB)
[    1.627081] sd 1:0:0:0: [sdb] Write Protect is off
[    1.627088] sd 1:0:0:0: [sdb] Mode Sense: 00 3a 00 00
[    1.627109] sd 1:0:0:0: Attached scsi generic sg1 type 0
[    1.627119] sd 1:0:0:0: [sdb] Write cache: enabled, read cache: enabled, doesn't support DPO or FUA
[    1.627177] sd 1:0:0:0: [sdb] Preferred minimum I/O size 512 bytes
[    1.939195] usb 1-1: new full-speed USB device number 2 using xhci_hcd
[    1.948029]  sdb: sdb1
[    1.948483] sd 1:0:0:0: [sdb] Attached SCSI disk
[    2.042328] ata3: SATA link up 3.0 Gbps (SStatus 123 SControl 300)
[    2.042835] ata3.00: ATA-6: VBOX HARDDISK, 1.0, max UDMA/133
[    2.042845] ata3.00: 8388608 sectors, multi 128: LBA48 NCQ (depth 32)
[    2.043549] ata3.00: configured for UDMA/133
[    2.043987] scsi 2:0:0:0: Direct-Access     ATA      VBOX HARDDISK    1.0  PQ: 0 ANSI: 5
[    2.044666] sd 2:0:0:0: [sdc] 8388608 512-byte logical blocks: (4.29 GB/4.00 GiB)
[    2.044691] sd 2:0:0:0: [sdc] Write Protect is off
[    2.044697] sd 2:0:0:0: [sdc] Mode Sense: 00 3a 00 00
[    2.044727] sd 2:0:0:0: [sdc] Write cache: enabled, read cache: enabled, doesn't support DPO or FUA
[    2.044903] sd 2:0:0:0: Attached scsi generic sg2 type 0
[    2.044969] sd 2:0:0:0: [sdc] Preferred minimum I/O size 512 bytes
[    2.530344]  sdc: sdc1
[    2.530899] sd 2:0:0:0: [sdc] Attached SCSI disk
[    2.538483] usb 1-1: New USB device found, idVendor=80ee, idProduct=0021, bcdDevice= 1.00
[    2.538499] usb 1-1: New USB device strings: Mfr=1, Product=3, SerialNumber=0
[    2.538505] usb 1-1: Product: USB Tablet
[    2.538509] usb 1-1: Manufacturer: VirtualBox
[    2.542407] input: VirtualBox USB Tablet as /devices/pci0000:00/0000:00:0c.0/usb1/1-1/1-1:1.0/0003:80EE:0021.0001/input/input6
[    2.543013] hid-generic 0003:80EE:0021.0001: input,hidraw0: USB HID v1.10 Mouse [VirtualBox USB Tablet] on usb-0000:00:0c.0-1/input0
[    2.623766] ata4: SATA link down (SStatus 0 SControl 300)
[    2.932795] ata5: SATA link down (SStatus 0 SControl 300)
[    2.933308] md: Waiting for all devices to be available before autodetect
[    2.933317] md: If you don't use raid, use raid=noautodetect
[    2.933322] md: Autodetecting RAID arrays.
[    2.933325] md: autorun ...
[    2.933327] md: ... autorun DONE.
[    3.322388] EXT4-fs (sdb1): orphan cleanup on readonly fs
[    3.324355] EXT4-fs (sdb1): mounted filesystem 0b2f1ad6-458c-4d9d-86e3-1624acdc7aa6 ro with ordered data mode. Quota mode: none.
[    3.324433] VFS: Mounted root (ext4 filesystem) readonly on device 8:17.
[    3.327089] devtmpfs: mounted
[    3.327343] VFS: Pivoted into new rootfs
[    3.329287] Freeing unused kernel image (initmem) memory: 2948K
[    3.329673] Write protecting the kernel read-only data: 30720k
[    3.330868] Freeing unused kernel image (text/rodata gap) memory: 552K
[    3.332825] Freeing unused kernel image (rodata/data gap) memory: 2004K
[    3.399535] x86/mm: Checked W+X mappings: passed, no W+X pages found.
[    3.399539] x86/mm: Checking user space page tables
[    3.438253] x86/mm: Checked W+X mappings: passed, no W+X pages found.
[    3.438262] Run /sbin/init as init process
[    3.438263]   with arguments:
[    3.438264]     /sbin/init
[    3.438264]   with environment:
[    3.438265]     HOME=/
[    3.438265]     TERM=linux
[    3.670879] stty (119) used greatest stack depth: 13208 bytes left
[    3.687726] dmesg (120) used greatest stack depth: 12776 bytes left
[    3.705134] ls (124) used greatest stack depth: 12536 bytes left
[    4.010522] ip (222) used greatest stack depth: 12496 bytes left
[    4.182346] udevd[247]: Starting systemd-udevd version 257.8
[    4.277414] udevd[248]: Using default interface naming scheme 'v257'.
[    4.357164] e1000 0000:00:03.0 enp0s3: renamed from eth0
[    5.161096] Adding 4193276k swap on /dev/sdc1.  Priority:1 extents:1 across:4193276k 
[    5.194865] EXT4-fs (sdb1): re-mounted 0b2f1ad6-458c-4d9d-86e3-1624acdc7aa6.
[    5.288058] EXT4-fs (sdb1): re-mounted 0b2f1ad6-458c-4d9d-86e3-1624acdc7aa6 r/w.
[    5.339361] EXT4-fs (sda1): mounted filesystem 8ac9dd68-4121-4045-82a9-3b9191353721 r/w with ordered data mode. Quota mode: none.
[    6.431689] ip (471) used greatest stack depth: 12472 bytes left
[    6.433130] e1000: enp0s3 NIC Link is Up 1000 Mbps Full Duplex, Flow Control: RX
[   16.094804] clocksource: Watchdog remote CPU 1 read timed out